#tvtv ch name=ch name in ch-list
#07032008 fixed TVTV-Names - thx Romanp
Das Erste=Das Erste
ZDF=ZDF
3sat=3sat
RTL=RTL Television
RTL II=RTL2
RTL2=RTL 2 CH
SAT.1=SAT.1
Sat.1=SAT.1
Pro7=ProSieben
kabel eins=kabel eins
VOX=VOX
Das Vierte=DAS VIERTE
SuperRTL=Super RTL
TELE-5=TELE 5
ARTE=arte
9Live=9Live
WDR=WDR Köln
BR3=Bayerisches FS
NDR Fernsehen=NDR FS HH
HR=hr-fernsehen
SWR BW=SWR Fernsehen BW
SWR RP=SWR Fernsehen RP
SR=SR Fernsehen Südwest
MDR=MDR FERNSEHEN
rbb=rbb Berlin
RNFplus
cityinfo tv
HH-1
TV.BERLIN
München.tv=münchen.TV
tv.nrw
rheinmaintv=rhein main tv
DSF=DSF
Eurosport=Eurosport
Eurosport 2=EuroSport 2
ESPN Classic Sports
Extreme Sports DE
NASN Germany=NASN
MTV
MTV2
VIVA=VIVA TV
VIVA plus=VIVA PLUS
N24=N24
XXP=XXP
n-tv
EuroNews
Phoenix=Phoenix
Eins Extra=EinsExtra
Eins Festival=EinsFestival
BR-alpha=BR-alpha
Bloomberg TV=Bloomberg TV Germany
ZDF infokanal=ZDFinfokanal
ZDF dokukanal=ZDFdokukanal
Discovery Geschichte=DISCOVERY GESCHICHTE
National Geographic=National Geographic
The History Channel=History Channel
KiKa=KiKa
Comedy Central=COMEDY CENTRAL
Playhouse Disney
Toon Disney
Cartoon
NICK
TCM
RTL Shop=RTL Shop
QVC=QVC
HSE24=HSE24
BBC2=BCC 2 England
Single-TV
TPS Cinefamily
TPS Homecinema
TPS Cinétoile
TPS Cinéstar
TPS Ciné Culte
TPS Cinextrême
TPS Star
BBC World Germany
BBC Prime (CET)
CNN
CNBC
Sky News 
ORF 1=ORF1
ORF 2=ORF2
ATVplus=ATV+
Europe
TF1
France 2
France 3
TRT International
Premiere Start=PREMIERE START
Premiere 1=PREMIERE 1
Premiere 2=PREMIERE 2
Premiere 3=PREMIERE 3
Premiere 4=PREMIERE 4
Premiere 5=PREMIERE 5
Premiere 6=PREMIERE 6
Premiere 7=PREMIERE 7
SCI FI=SCI FI
SCI FI=Sci Fi
Premiere Serie=PREMIERE SERIE
Premiere Serie=Serie
Premiere Nostalgie=PREMIERE NOSTALGIE
Disney Channel=DISNEY CHANNEL
Premiere Krimi=PREMIERE KRIMI
13th Street=13 TH STREET
MGM=MGM
Goldstar TV
Classica=CLASSICA
Discovery=DISCOVERY CHANNEL
Animal Planet=ANIMAL PLANET
Focus Gesundheit=FOCUS GESUNDHEIT
hit24=HIT24
Der Container Exkl.
Junior=JUNIOR
Jetix=JETIX
Heimatkanal=HEIMATKANAL
Prem. Filmclassics=PREMIERE FILMCLASSICS
Premiere Filmfest=PREMIERE FILMFEST
Premiere Sport1
Premiere Sport2
Premiere WM 3
Premiere WM 4
Premiere WM 5
Premiere WM 6
Cindedom Deluxe
BEATE-UHSE.TV
RTL 2 AT
Discovery Science
Erotik First
FST
Zee TV
VH1 Europe
C More Film +2
MCM International
CBeebies
Calle 13
Discovery Kids
Terra Nova
XXL
DR2
Playhouse Disney
Sky Movies 4
Cuisine.TV
Eurosport
Planet
Star!
Discovery Channel
ITV1 Anglia
TV8
UKTV Style
Scottish
Cablecom Gateway
Discovery Scienza
RaiNews24
The Box
RTÉ One
C More Film
Canal+
BBC FOUR
RTÉ Two
MTV UK
DR1
CANALE 5
Canal+ Hi-Tech
Arte Sat
AB 1
LCP - Public Senat
Cuatro
TCM
Urheilukanava
Canal 2 Andalucia
UKTV Documentary
ITALIA 1
Canal 18
Spice Platinum
I>Télé
Toon Disney
Discovery HD
Canal+ Sport
NRJ 12
Reality TV UK
France 5 Sat
UKTV People
QVC
Landscape
Canal Hollywood
C More Film
ETB 2
UKTV G2
VIVA (CH)
BBC2 Wales
Canal Estrellas
Tele Basel
ProSieben AT
Cartoon Network
MCM Pop
NT 1
Canal+ Cinema
Nat. Geographic dig.
13ème Rue
TV Galicia Int.
Eurosport
Tele Bärn
Teachers' TV
Sky Travel
Nelonen Plus
La Une
TV3
Telemadrid Sat
National Geographic
Canal+ Film1
Cinécinéma Classic
ITV1 Border North
Antena 3
U1 TV
TCM
History Channel dig.
CNN International
Kabel eins AT
ITV1 Border South
Canal+
TiJi
TVE 50 Años
Sky Three
Sky One
RTL 4
Toonami
Canal+ Décalé
RTL 9
TV2 Danmark
Rai Tre
BBC1 Scotland
Discovery Channel
UKTV Drama
Canal Cocina
Be 1
Discovery Channel
Kanal D
Playboy TV
BBC1 NI
MTV 2
Cartoon Network NL
TVC Internacional
Trouble Digital
Men & Motors
TV6
TVE La 2
Nederland 3
Eurosport News
S4C
Sky Cinema Autore
Premiere HD Film
ITV4
HRT TV 1
Histoire
Carlton Food
BBC1
Natura
MTV
Challenge dig.
BBC Prime
Sky Cinema 3
VRT één
STAR TV
Discovery Channel
Playboy TV
Club RTL
MTV Hits
Tele Top
Jetix
SBS 6
Sport+
Five
TVI
Sky Movies 3
MTV
Série Club
VTM
BBC Parliament
Eurosport 2
Film1.2
Canal+ Film2
Jetix
Canal J
Channel 4
ITV1 UTV (Ulster)
Fox TV
Erotik First
Nickelod./Talpa
Extreme Sports
Showtime Extreme
TeleCinco
ITV1 Meridian
Nickelodeon
ZDF theaterkanal
Nickelodeon
MTV Nordic
TMC
Fantasy Ch. Dig.
Direct 8
AB4
BBC2 NI
TSI 1
UKTV Bright Ideas
Kabel1 Classic
TV Gusto
RTL AT
E!
BBC News 24
Veronica
Bravo (Digital)
UKTV Gold
ITV1 West
Docu TVE
CanalSur
Léman Bleu
TVE 1
Cinécinéma Famiz
ITV1 Wales
Sat.1 AT
The History Channel
Eurosport
AB3
CANVAS
Odisea
TMF (UK)
ITV1 Granada
Jetix
gotv
D. Travel&Adventure
Ftn
Paramount Comedy
National Geographic
Nick Junior
MUTV
Studio Universal
CMore Film2
S2
Discovery Science
SupereÑe
YLE24
EWTN
vijf TV
LCI
Sport Expressen
VH1
BBC One
TV400
Euronews
VIC-TV
Muzzik
BBC World UK
Cartoon Network
The Box
Puls TV
MTV3+
E!
TV Norge
Sky Movies 9
Tele Züri
Discovery Wings
TVRL
Nederland 2
Adventure One (En)
RTBF Sat
Raisat Cinemaworld
Nederland 1
TSR 2
Jimmy
Télétoon
MCM Top
Jimmy
SVT 1
Disney Channel
Jetix
Raisat Sport
CNBC Nordic
MTV Hits
La Otra
Eurosport 2
Sky Movies 6
TV5
Screenshop
FilmFour Weekly
Planète
AB Animaux
MTV Dance
Adventure One
Film1.3
ITV News
Classica
Buzz
MGM
Cinematk
Jetix
Disc. Travel Living
ITV1 West Country
National Geographic
E4
TV4 Film
UKTV History
TW1
ITV3
Community Channel
Cablecom Cinema
YLE Teema
AXN=easy.TV AXN
Silverline=easy.TV Silverline
SF 1=SF1
SF zwei=SF2
MGM Movies
Canal Clásico
MCM
National Geographic 
Cablecom Preview
Bollywood 4U
Téva
Eurosport
Nickelodeon
EinsPlus
ZTV
Canal+
TV8
ABC1
TCM
The Hits
Prime TV
RTL 7
Eurosport 2 SE
Play UK
The Voice
Sky News
LIVINGtv
Sky Movies 7
ESPN Classic Sports
Blue Movie Gay=BLUE MOVIE Gay
Sky One (OnDigital)
TV Travel Shop
Castilla la Mancha T
BBC Two
Comédie !
Disney Channel
Hallmark
Fox
SAT.1 Schweiz
Premiere Austria
National Geographic 
Net 5
Sportmania
Sky Sport 1
Cartoon Network
TV3 Sverige
CNN
Match TV
ICI Télévision
Nat. Geogrpahic +1
Canal+ Film3
CNBC Europe
VH1 Classic
MCM Belgique
Telenovelas
Sky Sports 3
NASN
Sailing Channel (fr)
Sky Movies 1
ProSieben Schweiz
Raisat Ragazzi
Canal 9
UKTV Food
C More Film +1
Hallmark
Barnkanalen
Sky Sports 2
NRK 2
SET Asia
Wetterfernsehen
Viasat Sport
price-drop.tv
Travel Channel
Disc. Civilisations
Sky Movies 2
Cinécinéma Auteur
NRK 1
Nickelodeon (dig.)
E! Entertainment Int
Discov. Real Time
Sky Cinema 1
Adult Channel
Sky Sports 1
BBC Three
Sky Movies 5
TCM
More4
The Adult Channel
Mezzo
Discovery Benelux
MTV Base
Cartoon Network
Sky Movies 8
Discovery Europe
Sky Sports News
Fashion TV
ITV1 Yorkshire
Bid TV
Fashion TV
Racing UK
Fashion TV
W 9
E4 +1
BBC2 Scotland
Disney Channel
France 5
Sol Música
TSI 2
Cartoon Network
Reality TV
SVT 2
CBBC
Toute l`histoire
MTV Netherlands
Paramount Comedy
Extreme Sports EU
TF6
Disney
TCM (fr)
TSR 1
Sky News
La 7
E!
ERT Sat
SAT.1 Comedy
Eurosport SE
Canal de Historia
ITN News Channel
ESPN Classic
TV3 Danmark
CMore Film1
MTV España
Euronews
Showtime
VH1
Cult Network
Sky Cinema Max
Subtv
SIC International
Boomerang
Adventure One
Hallmark UK
ITV1 Tyne Tees
Rai Due
Kunskapskanalen
Sailing Channel (IT)
Tele Tell
C More Film +2
TV Galicia
Prem Philips SportHD
ITV1 Central
Canal 9
La Sexta
VT4
Sky Cinema
Film Four
France 4
RTL 5
Paris Première
Ritmoson
Punt 2
TV2 Zulu
ITV1 London
Gulli
Tele Ostschweiz
Tele M1
Sky Movies 10
S4C digidol
Planete
British Eurosport
TV4
K3/33
Boomerang
Tele Bielingue
BBC2
Discovery Channel SE
ZTV Norge
Bloomberg TV
Voyage
Kanal 5
Plug TV
ETB 1
BVN-TV
TCM
Sky Movies Cinema 2
SFInfo
La Deux
FilmFour +1
SVT 24
Cinécinéma Frisson
Andalucía TV
Record TV Int.
Arte
Bloomberg TV
Tara Television
TV2
TV Finland
Cinécinéma Emotion
Sci-Fi Satelite
RETE 4
M6
Motors TV
ITV1 Border
Cartoon Network
TMF
TV1
TV4 Fakta
Private Gold
Ideal World
TG4
Leonardo
Kanal 5 Danmark
EuroNews
Teleclub / Film
TV Castilla y León
Animal Planet
TVE Internacional
Sony Entertainment
Canal Alpha
Nelonen 4
TV4 Plus
Sky Cinema 16:9
Animal Planet dig.
RTS Sat
Rai Uno
K-TV
BBC1 Wales
Hustler TV
BFM TV
Sky Sport 2
C More Film +1
Odyssée
Playboy Europe
Spi.Ka TV
Performance
TV3 Norge
TV3
Seasons
RTL Tele Letzeburg
Kinowelt
Film1.1
MTV3
Travel Channel
VH1 Classic Europe
Video Italia
bibel TV
Europe 2 TV
Motors TV
Kanaal Twee
Premiere Win
TeleMadrid
ITV2
ITV1 Grampian
Escales
Cinécinéma Premier
Channel TV
Pakistani Channel
RTPi
Bloomberg TV
